Using pre-set license
Built from '2020.3/staging' branch; Version is '2020.3.9f1 (108be757e447) revision 1084391'; Using compiler version '192528614'; Build Type 'Release'
OS: 'Windows 10 Pro; OS build 19044.1466; Version 2009; 64bit' Language: 'en' Physical Memory: 8152 MB
BatchMode: 1, IsHumanControllingUs: 0, StartBugReporterOnCrash: 0, Is64bit: 1, IsPro: 0

 COMMAND LINE ARGUMENTS:
C:\Program Files\Unity\Hub\Editor\2020.3.9f1\Editor\Unity.exe
-adb2
-batchMode
-noUpm
-name
AssetImportWorker1
-projectPath
C:/Github/FMP/Menace Labs
-logFile
Logs/AssetImportWorker1.log
-srvPort
61558
Successfully changed project path to: C:/Github/FMP/Menace Labs
C:/Github/FMP/Menace Labs
Using Asset Import Pipeline V2.
Refreshing native plugins compatible for Editor in 82.78 ms, found 0 plugins.
Preloading 0 native plugins for Editor in 0.00 ms.
Initialize engine version: 2020.3.9f1 (108be757e447)
[Subsystems] Discovering subsystems at path C:/Program Files/Unity/Hub/Editor/2020.3.9f1/Editor/Data/Resources/UnitySubsystems
[Subsystems] Discovering subsystems at path C:/Github/FMP/Menace Labs/Assets
GfxDevice: creating device client; threaded=0
Direct3D:
    Version:  Direct3D 11.0 [level 11.1]
    Renderer: NVIDIA GeForce GTX 1050 Ti (ID=0x1c82)
    Vendor:   
    VRAM:     4018 MB
    Driver:   27.21.14.5671
Initialize mono
Mono path[0] = 'C:/Program Files/Unity/Hub/Editor/2020.3.9f1/Editor/Data/Managed'
Mono path[1] = 'C:/Program Files/Unity/Hub/Editor/2020.3.9f1/Editor/Data/MonoBleedingEdge/lib/mono/unityjit'
Mono config path = 'C:/Program Files/Unity/Hub/Editor/2020.3.9f1/Editor/Data/MonoBleedingEdge/etc'
Using monoOptions --debugger-agent=transport=dt_socket,embedding=1,server=y,suspend=n,address=127.0.0.1:56676
Begin MonoManager ReloadAssembly
Registering precompiled unity dll's ...
Register platform support module: C:/Program Files/Unity/Hub/Editor/2020.3.9f1/Editor/Data/PlaybackEngines/WindowsStandaloneSupport/UnityEditor.WindowsStandalone.Extensions.dll
Registered in 0.002028 seconds.
Native extension for WindowsStandalone target not found
Refreshing native plugins compatible for Editor in 79.59 ms, found 0 plugins.
Preloading 0 native plugins for Editor in 0.00 ms.
Mono: successfully reloaded assembly
- Completed reload, in  2.986 seconds
Platform modules already initialized, skipping
Registering precompiled user dll's ...
Registered in 0.001715 seconds.
Begin MonoManager ReloadAssembly
Native extension for WindowsStandalone target not found
Refreshing native plugins compatible for Editor in 83.41 ms, found 0 plugins.
Preloading 0 native plugins for Editor in 0.00 ms.
Mono: successfully reloaded assembly
- Completed reload, in  1.014 seconds
Platform modules already initialized, skipping
========================================================================
Worker process is ready to serve import requests
Shader 'Universal Render Pipeline/Particles/Lit': fallback shader 'Universal Render Pipeline/Particles/SimpleLit' not found
Shader 'Universal Render Pipeline/Particles/Lit': fallback shader 'Universal Render Pipeline/Particles/SimpleLit' not found
Launched and connected shader compiler UnityShaderCompiler.exe after 0.05 seconds
Refreshing native plugins compatible for Editor in 0.84 ms, found 0 plugins.
Preloading 0 native plugins for Editor in 0.00 ms.
Unloading 2453 Unused Serialized files (Serialized files now loaded: 0)
System memory in use before: 124.1 MB.
System memory in use after: 121.3 MB.

Unloading 46 unused Assets to reduce memory usage. Loaded Objects now: 2870.
Total: 3.754500 ms (FindLiveObjects: 0.437900 ms CreateObjectMapping: 0.264500 ms MarkObjects: 1.725300 ms  DeleteObjects: 1.325500 ms)

========================================================================
Received Import Request.
  path: Assets/Scripts/Actions/Action.cs
  artifactKey: Guid(0620bc22b02f3864dbb8a48af594623b) Importer(815301076,1909f56bfc062723c751e8b465ee728b)
Start importing Assets/Scripts/Actions/Action.cs using Guid(0620bc22b02f3864dbb8a48af594623b) Importer(815301076,1909f56bfc062723c751e8b465ee728b)  -> (artifact id: 'da94c5a68898fa968cb046152cd0da4c') in 0.061058 seconds
  Import took 0.065798 seconds .

========================================================================
Received Import Request.
  Time since last request: 37.141174 seconds.
  path: Assets/Scripts/Actions/Action.cs
  artifactKey: Guid(0620bc22b02f3864dbb8a48af594623b) Importer(815301076,1909f56bfc062723c751e8b465ee728b)
Start importing Assets/Scripts/Actions/Action.cs using Guid(0620bc22b02f3864dbb8a48af594623b) Importer(815301076,1909f56bfc062723c751e8b465ee728b)  -> (artifact id: '5820f715b48066c733004d9d1885464c') in 0.004163 seconds
  Import took 0.009832 seconds .

========================================================================
Received Import Request.
  Time since last request: 0.108239 seconds.
  path: Assets/Scripts/Actions/Action.cs
  artifactKey: Guid(0620bc22b02f3864dbb8a48af594623b) Importer(815301076,1909f56bfc062723c751e8b465ee728b)
Start importing Assets/Scripts/Actions/Action.cs using Guid(0620bc22b02f3864dbb8a48af594623b) Importer(815301076,1909f56bfc062723c751e8b465ee728b)  -> (artifact id: '5820f715b48066c733004d9d1885464c') in 0.004342 seconds
  Import took 0.013068 seconds .

========================================================================
Received Import Request.
  Time since last request: 5.374631 seconds.
  path: Assets/Scripts/Actions/Action.cs
  artifactKey: Guid(0620bc22b02f3864dbb8a48af594623b) Importer(815301076,1909f56bfc062723c751e8b465ee728b)
Start importing Assets/Scripts/Actions/Action.cs using Guid(0620bc22b02f3864dbb8a48af594623b) Importer(815301076,1909f56bfc062723c751e8b465ee728b)  -> (artifact id: '4049f961e4983c0358f356c381e8f8a6') in 0.005368 seconds
  Import took 0.010889 seconds .

========================================================================
Received Prepare
Registering precompiled user dll's ...
Registered in 0.001808 seconds.
Begin MonoManager ReloadAssembly
Native extension for WindowsStandalone target not found
Refreshing native plugins compatible for Editor in 1.07 ms, found 0 plugins.
Preloading 0 native plugins for Editor in 0.00 ms.
Mono: successfully reloaded assembly
- Completed reload, in  0.843 seconds
Platform modules already initialized, skipping
Shader 'Universal Render Pipeline/Particles/Lit': fallback shader 'Universal Render Pipeline/Particles/SimpleLit' not found
Shader 'Universal Render Pipeline/Particles/Lit': fallback shader 'Universal Render Pipeline/Particles/SimpleLit' not found
Refreshing native plugins compatible for Editor in 0.83 ms, found 0 plugins.
Preloading 0 native plugins for Editor in 0.00 ms.
Unloading 2367 Unused Serialized files (Serialized files now loaded: 0)
System memory in use before: 119.4 MB.
System memory in use after: 116.7 MB.

Unloading 41 unused Assets to reduce memory usage. Loaded Objects now: 2873.
Total: 3.380100 ms (FindLiveObjects: 0.205400 ms CreateObjectMapping: 0.087400 ms MarkObjects: 1.754300 ms  DeleteObjects: 1.332300 ms)

========================================================================
Received Prepare
Registering precompiled user dll's ...
Registered in 0.001777 seconds.
Begin MonoManager ReloadAssembly
Native extension for WindowsStandalone target not found
Refreshing native plugins compatible for Editor in 0.87 ms, found 0 plugins.
Preloading 0 native plugins for Editor in 0.00 ms.
Mono: successfully reloaded assembly
- Completed reload, in  0.832 seconds
Platform modules already initialized, skipping
Shader 'Universal Render Pipeline/Particles/Lit': fallback shader 'Universal Render Pipeline/Particles/SimpleLit' not found
Shader 'Universal Render Pipeline/Particles/Lit': fallback shader 'Universal Render Pipeline/Particles/SimpleLit' not found
Refreshing native plugins compatible for Editor in 1.03 ms, found 0 plugins.
Preloading 0 native plugins for Editor in 0.00 ms.
Unloading 2367 Unused Serialized files (Serialized files now loaded: 0)
System memory in use before: 119.5 MB.
System memory in use after: 116.7 MB.

Unloading 41 unused Assets to reduce memory usage. Loaded Objects now: 2876.
Total: 3.827000 ms (FindLiveObjects: 0.288900 ms CreateObjectMapping: 0.100400 ms MarkObjects: 1.839400 ms  DeleteObjects: 1.596200 ms)

========================================================================
Received Prepare
Registering precompiled user dll's ...
Registered in 0.001950 seconds.
Begin MonoManager ReloadAssembly
Native extension for WindowsStandalone target not found
Refreshing native plugins compatible for Editor in 0.93 ms, found 0 plugins.
Preloading 0 native plugins for Editor in 0.00 ms.
Mono: successfully reloaded assembly
- Completed reload, in  0.810 seconds
Platform modules already initialized, skipping
Shader 'Universal Render Pipeline/Particles/Lit': fallback shader 'Universal Render Pipeline/Particles/SimpleLit' not found
Shader 'Universal Render Pipeline/Particles/Lit': fallback shader 'Universal Render Pipeline/Particles/SimpleLit' not found
Refreshing native plugins compatible for Editor in 0.84 ms, found 0 plugins.
Preloading 0 native plugins for Editor in 0.00 ms.
Unloading 2367 Unused Serialized files (Serialized files now loaded: 0)
System memory in use before: 119.5 MB.
System memory in use after: 116.8 MB.

Unloading 41 unused Assets to reduce memory usage. Loaded Objects now: 2879.
Total: 3.181200 ms (FindLiveObjects: 0.213400 ms CreateObjectMapping: 0.095400 ms MarkObjects: 1.599900 ms  DeleteObjects: 1.271700 ms)

========================================================================
Received Prepare
Registering precompiled user dll's ...
Registered in 0.001804 seconds.
Begin MonoManager ReloadAssembly
Native extension for WindowsStandalone target not found
Refreshing native plugins compatible for Editor in 0.94 ms, found 0 plugins.
Preloading 0 native plugins for Editor in 0.00 ms.
Mono: successfully reloaded assembly
- Completed reload, in  0.811 seconds
Platform modules already initialized, skipping
Shader 'Universal Render Pipeline/Particles/Lit': fallback shader 'Universal Render Pipeline/Particles/SimpleLit' not found
Shader 'Universal Render Pipeline/Particles/Lit': fallback shader 'Universal Render Pipeline/Particles/SimpleLit' not found
Refreshing native plugins compatible for Editor in 0.85 ms, found 0 plugins.
Preloading 0 native plugins for Editor in 0.00 ms.
Unloading 2367 Unused Serialized files (Serialized files now loaded: 0)
System memory in use before: 119.5 MB.
System memory in use after: 116.8 MB.

Unloading 41 unused Assets to reduce memory usage. Loaded Objects now: 2882.
Total: 3.382800 ms (FindLiveObjects: 0.276400 ms CreateObjectMapping: 0.112600 ms MarkObjects: 1.588700 ms  DeleteObjects: 1.387900 ms)

========================================================================
Received Prepare
Registering precompiled user dll's ...
Registered in 0.001808 seconds.
Begin MonoManager ReloadAssembly
Native extension for WindowsStandalone target not found
Refreshing native plugins compatible for Editor in 0.86 ms, found 0 plugins.
Preloading 0 native plugins for Editor in 0.00 ms.
Mono: successfully reloaded assembly
- Completed reload, in  0.764 seconds
Platform modules already initialized, skipping
Shader 'Universal Render Pipeline/Particles/Lit': fallback shader 'Universal Render Pipeline/Particles/SimpleLit' not found
Shader 'Universal Render Pipeline/Particles/Lit': fallback shader 'Universal Render Pipeline/Particles/SimpleLit' not found
Refreshing native plugins compatible for Editor in 0.87 ms, found 0 plugins.
Preloading 0 native plugins for Editor in 0.00 ms.
Unloading 2367 Unused Serialized files (Serialized files now loaded: 0)
System memory in use before: 119.5 MB.
System memory in use after: 116.7 MB.

Unloading 41 unused Assets to reduce memory usage. Loaded Objects now: 2885.
Total: 3.187000 ms (FindLiveObjects: 0.208400 ms CreateObjectMapping: 0.095000 ms MarkObjects: 1.545400 ms  DeleteObjects: 1.337500 ms)

========================================================================
Received Prepare
Registering precompiled user dll's ...
Registered in 0.001791 seconds.
Begin MonoManager ReloadAssembly
Native extension for WindowsStandalone target not found
Refreshing native plugins compatible for Editor in 1.09 ms, found 0 plugins.
Preloading 0 native plugins for Editor in 0.00 ms.
Mono: successfully reloaded assembly
- Completed reload, in  0.870 seconds
Platform modules already initialized, skipping
Shader 'Universal Render Pipeline/Particles/Lit': fallback shader 'Universal Render Pipeline/Particles/SimpleLit' not found
Shader 'Universal Render Pipeline/Particles/Lit': fallback shader 'Universal Render Pipeline/Particles/SimpleLit' not found
Refreshing native plugins compatible for Editor in 0.88 ms, found 0 plugins.
Preloading 0 native plugins for Editor in 0.00 ms.
Unloading 2367 Unused Serialized files (Serialized files now loaded: 0)
System memory in use before: 119.6 MB.
System memory in use after: 116.8 MB.

Unloading 41 unused Assets to reduce memory usage. Loaded Objects now: 2888.
Total: 3.062300 ms (FindLiveObjects: 0.202700 ms CreateObjectMapping: 0.089000 ms MarkObjects: 1.446800 ms  DeleteObjects: 1.322800 ms)

========================================================================
Received Prepare
Registering precompiled user dll's ...
Registered in 0.002105 seconds.
Begin MonoManager ReloadAssembly
Native extension for WindowsStandalone target not found
Refreshing native plugins compatible for Editor in 0.96 ms, found 0 plugins.
Preloading 0 native plugins for Editor in 0.00 ms.
Mono: successfully reloaded assembly
- Completed reload, in  0.805 seconds
Platform modules already initialized, skipping
Shader 'Universal Render Pipeline/Particles/Lit': fallback shader 'Universal Render Pipeline/Particles/SimpleLit' not found
Shader 'Universal Render Pipeline/Particles/Lit': fallback shader 'Universal Render Pipeline/Particles/SimpleLit' not found
Refreshing native plugins compatible for Editor in 0.92 ms, found 0 plugins.
Preloading 0 native plugins for Editor in 0.00 ms.
Unloading 2367 Unused Serialized files (Serialized files now loaded: 0)
System memory in use before: 119.6 MB.
System memory in use after: 116.8 MB.

Unloading 41 unused Assets to reduce memory usage. Loaded Objects now: 2891.
Total: 3.574600 ms (FindLiveObjects: 0.231800 ms CreateObjectMapping: 0.110900 ms MarkObjects: 1.627700 ms  DeleteObjects: 1.603100 ms)

========================================================================
Received Prepare
Registering precompiled user dll's ...
Registered in 0.002131 seconds.
Begin MonoManager ReloadAssembly
Native extension for WindowsStandalone target not found
Refreshing native plugins compatible for Editor in 0.99 ms, found 0 plugins.
Preloading 0 native plugins for Editor in 0.00 ms.
Mono: successfully reloaded assembly
- Completed reload, in  0.875 seconds
Platform modules already initialized, skipping
Shader 'Universal Render Pipeline/Particles/Lit': fallback shader 'Universal Render Pipeline/Particles/SimpleLit' not found
Shader 'Universal Render Pipeline/Particles/Lit': fallback shader 'Universal Render Pipeline/Particles/SimpleLit' not found
Refreshing native plugins compatible for Editor in 0.82 ms, found 0 plugins.
Preloading 0 native plugins for Editor in 0.00 ms.
Unloading 2367 Unused Serialized files (Serialized files now loaded: 0)
System memory in use before: 119.6 MB.
System memory in use after: 116.8 MB.

Unloading 41 unused Assets to reduce memory usage. Loaded Objects now: 2894.
Total: 3.183300 ms (FindLiveObjects: 0.216400 ms CreateObjectMapping: 0.094700 ms MarkObjects: 1.551900 ms  DeleteObjects: 1.319300 ms)

========================================================================
Received Prepare
Registering precompiled user dll's ...
Registered in 0.002818 seconds.
Begin MonoManager ReloadAssembly
Native extension for WindowsStandalone target not found
Refreshing native plugins compatible for Editor in 0.81 ms, found 0 plugins.
Preloading 0 native plugins for Editor in 0.00 ms.
Mono: successfully reloaded assembly
- Completed reload, in  0.796 seconds
Platform modules already initialized, skipping
Shader 'Universal Render Pipeline/Particles/Lit': fallback shader 'Universal Render Pipeline/Particles/SimpleLit' not found
Shader 'Universal Render Pipeline/Particles/Lit': fallback shader 'Universal Render Pipeline/Particles/SimpleLit' not found
Refreshing native plugins compatible for Editor in 0.87 ms, found 0 plugins.
Preloading 0 native plugins for Editor in 0.00 ms.
Unloading 2367 Unused Serialized files (Serialized files now loaded: 0)
System memory in use before: 119.6 MB.
System memory in use after: 116.8 MB.

Unloading 41 unused Assets to reduce memory usage. Loaded Objects now: 2897.
Total: 3.209200 ms (FindLiveObjects: 0.247800 ms CreateObjectMapping: 0.107200 ms MarkObjects: 1.532200 ms  DeleteObjects: 1.321200 ms)

========================================================================
Received Import Request.
  Time since last request: 903.009657 seconds.
  path: Assets/Prefabs/Actions/BoredomAction.prefab
  artifactKey: Guid(b31939879738f84479702952b10f41e1) Importer(815301076,1909f56bfc062723c751e8b465ee728b)
Start importing Assets/Prefabs/Actions/BoredomAction.prefab using Guid(b31939879738f84479702952b10f41e1) Importer(815301076,1909f56bfc062723c751e8b465ee728b)  -> (artifact id: '39d73aadecd2313e74d57094a281104d') in 0.355114 seconds
  Import took 0.360579 seconds .

========================================================================
Received Import Request.
  Time since last request: 0.000282 seconds.
  path: Assets/Prefabs/Actions/TimedObjectUse.prefab
  artifactKey: Guid(6ff9fad2f052b914dbd5c50d6bf1b1bf) Importer(815301076,1909f56bfc062723c751e8b465ee728b)
Start importing Assets/Prefabs/Actions/TimedObjectUse.prefab using Guid(6ff9fad2f052b914dbd5c50d6bf1b1bf) Importer(815301076,1909f56bfc062723c751e8b465ee728b)  -> (artifact id: '4f229b0f1d9db78f2681ad2351d2a00c') in 0.030198 seconds
  Import took 0.035337 seconds .

========================================================================
Received Import Request.
  Time since last request: 0.000206 seconds.
  path: Assets/Prefabs/Actions/RefuseAction.prefab
  artifactKey: Guid(86a8c5bb8ede47741b2c4619cfb6a2b6) Importer(815301076,1909f56bfc062723c751e8b465ee728b)
Start importing Assets/Prefabs/Actions/RefuseAction.prefab using Guid(86a8c5bb8ede47741b2c4619cfb6a2b6) Importer(815301076,1909f56bfc062723c751e8b465ee728b)  -> (artifact id: '529cc19125046741edec32d730af173e') in 0.028173 seconds
  Import took 0.032156 seconds .

========================================================================
Received Import Request.
  Time since last request: 0.000238 seconds.
  path: Assets/Prefabs/Actions/ConstantObjectUse.prefab
  artifactKey: Guid(4703deeff2f4f3a4a866461de7bde9c2) Importer(815301076,1909f56bfc062723c751e8b465ee728b)
Start importing Assets/Prefabs/Actions/ConstantObjectUse.prefab using Guid(4703deeff2f4f3a4a866461de7bde9c2) Importer(815301076,1909f56bfc062723c751e8b465ee728b)  -> (artifact id: '722ade31755f7c69af3cf04935234b8a') in 0.022408 seconds
  Import took 0.027088 seconds .

========================================================================
Received Import Request.
  Time since last request: 0.000235 seconds.
  path: Assets/Prefabs/Actions/TestAction.prefab
  artifactKey: Guid(6842d4bc536e1d54baa085a339ef69e7) Importer(815301076,1909f56bfc062723c751e8b465ee728b)
Start importing Assets/Prefabs/Actions/TestAction.prefab using Guid(6842d4bc536e1d54baa085a339ef69e7) Importer(815301076,1909f56bfc062723c751e8b465ee728b)  -> (artifact id: 'e9c36090781f59d73f1719b288729189') in 0.022378 seconds
  Import took 0.027397 seconds .

========================================================================
Received Import Request.
  Time since last request: 0.000263 seconds.
  path: Assets/Prefabs/Actions/DieAction.prefab
  artifactKey: Guid(dd335a45081296a48bf1fd3c4ecf65b5) Importer(815301076,1909f56bfc062723c751e8b465ee728b)
Start importing Assets/Prefabs/Actions/DieAction.prefab using Guid(dd335a45081296a48bf1fd3c4ecf65b5) Importer(815301076,1909f56bfc062723c751e8b465ee728b)  -> (artifact id: '9e3bebccb08813cff0aae69a779541c4') in 0.023775 seconds
  Import took 0.028855 seconds .

========================================================================
Received Import Request.
  Time since last request: 0.000265 seconds.
  path: Assets/Prefabs/Actions/ReactAction.prefab
  artifactKey: Guid(4033b6ac9159bf541b978572ffb566d8) Importer(815301076,1909f56bfc062723c751e8b465ee728b)
Start importing Assets/Prefabs/Actions/ReactAction.prefab using Guid(4033b6ac9159bf541b978572ffb566d8) Importer(815301076,1909f56bfc062723c751e8b465ee728b)  -> (artifact id: '7e5892769a748b221e7ca34f05fae908') in 0.024835 seconds
  Import took 0.029621 seconds .

========================================================================
Received Import Request.
  Time since last request: 0.000200 seconds.
  path: Assets/Prefabs/Actions/MovementAction.prefab
  artifactKey: Guid(994a3747ea8022a41812fee8ab96f82d) Importer(815301076,1909f56bfc062723c751e8b465ee728b)
Start importing Assets/Prefabs/Actions/MovementAction.prefab using Guid(994a3747ea8022a41812fee8ab96f82d) Importer(815301076,1909f56bfc062723c751e8b465ee728b)  -> (artifact id: '697bce91971be96062c984d376c35c90') in 0.019727 seconds
  Import took 0.025646 seconds .

========================================================================
Received Import Request.
  Time since last request: 4.437109 seconds.
  path: Assets/Prefabs/Actions/BoredomAction.prefab
  artifactKey: Guid(b31939879738f84479702952b10f41e1) Importer(815301076,1909f56bfc062723c751e8b465ee728b)
Start importing Assets/Prefabs/Actions/BoredomAction.prefab using Guid(b31939879738f84479702952b10f41e1) Importer(815301076,1909f56bfc062723c751e8b465ee728b)  -> (artifact id: '9bc742b5f60115b5905c3a810c51e1fa') in 0.019880 seconds
  Import took 0.025158 seconds .

========================================================================
Received Import Request.
  Time since last request: 4.283222 seconds.
  path: Assets/Prefabs/Actions/ConstantObjectUse.prefab
  artifactKey: Guid(4703deeff2f4f3a4a866461de7bde9c2) Importer(815301076,1909f56bfc062723c751e8b465ee728b)
Start importing Assets/Prefabs/Actions/ConstantObjectUse.prefab using Guid(4703deeff2f4f3a4a866461de7bde9c2) Importer(815301076,1909f56bfc062723c751e8b465ee728b)  -> (artifact id: 'e0098f0200989143b41e02e05d8e25df') in 0.020170 seconds
  Import took 0.026569 seconds .

========================================================================
Received Import Request.
  Time since last request: 3.020563 seconds.
  path: Assets/Prefabs/Actions/DieAction.prefab
  artifactKey: Guid(dd335a45081296a48bf1fd3c4ecf65b5) Importer(815301076,1909f56bfc062723c751e8b465ee728b)
Start importing Assets/Prefabs/Actions/DieAction.prefab using Guid(dd335a45081296a48bf1fd3c4ecf65b5) Importer(815301076,1909f56bfc062723c751e8b465ee728b)  -> (artifact id: '049649266c128bd39030283d385af228') in 0.020289 seconds
  Import took 0.025744 seconds .

========================================================================
Received Import Request.
  Time since last request: 3.478425 seconds.
  path: Assets/Prefabs/Actions/MovementAction.prefab
  artifactKey: Guid(994a3747ea8022a41812fee8ab96f82d) Importer(815301076,1909f56bfc062723c751e8b465ee728b)
Start importing Assets/Prefabs/Actions/MovementAction.prefab using Guid(994a3747ea8022a41812fee8ab96f82d) Importer(815301076,1909f56bfc062723c751e8b465ee728b)  -> (artifact id: '7fc3067bd71e1f1e5b3659fbba57e63f') in 0.020055 seconds
  Import took 0.026283 seconds .

========================================================================
Received Import Request.
  Time since last request: 3.623438 seconds.
  path: Assets/Prefabs/Actions/ReactAction.prefab
  artifactKey: Guid(4033b6ac9159bf541b978572ffb566d8) Importer(815301076,1909f56bfc062723c751e8b465ee728b)
Start importing Assets/Prefabs/Actions/ReactAction.prefab using Guid(4033b6ac9159bf541b978572ffb566d8) Importer(815301076,1909f56bfc062723c751e8b465ee728b)  -> (artifact id: '65b83904755de08adc3b733af17e1533') in 0.019902 seconds
  Import took 0.025544 seconds .

========================================================================
Received Import Request.
  Time since last request: 2.702224 seconds.
  path: Assets/Prefabs/Actions/RefuseAction.prefab
  artifactKey: Guid(86a8c5bb8ede47741b2c4619cfb6a2b6) Importer(815301076,1909f56bfc062723c751e8b465ee728b)
Start importing Assets/Prefabs/Actions/RefuseAction.prefab using Guid(86a8c5bb8ede47741b2c4619cfb6a2b6) Importer(815301076,1909f56bfc062723c751e8b465ee728b)  -> (artifact id: 'a4545c7d0afda2e09d5443b4475f690f') in 0.020372 seconds
  Import took 0.026063 seconds .

========================================================================
Received Import Request.
  Time since last request: 2.290824 seconds.
  path: Assets/Prefabs/Actions/TestAction.prefab
  artifactKey: Guid(6842d4bc536e1d54baa085a339ef69e7) Importer(815301076,1909f56bfc062723c751e8b465ee728b)
Start importing Assets/Prefabs/Actions/TestAction.prefab using Guid(6842d4bc536e1d54baa085a339ef69e7) Importer(815301076,1909f56bfc062723c751e8b465ee728b)  -> (artifact id: 'abcdeb36cd501c66fd3ab7832bb37258') in 0.021015 seconds
  Import took 0.027052 seconds .

========================================================================
Received Import Request.
  Time since last request: 3.362490 seconds.
  path: Assets/Prefabs/Actions/TimedObjectUse.prefab
  artifactKey: Guid(6ff9fad2f052b914dbd5c50d6bf1b1bf) Importer(815301076,1909f56bfc062723c751e8b465ee728b)
Start importing Assets/Prefabs/Actions/TimedObjectUse.prefab using Guid(6ff9fad2f052b914dbd5c50d6bf1b1bf) Importer(815301076,1909f56bfc062723c751e8b465ee728b)  -> (artifact id: '8abf994c6efcfbf7465772afe700ba84') in 0.019794 seconds
  Import took 0.025055 seconds .

========================================================================
Received Prepare
Registering precompiled user dll's ...
Registered in 0.002386 seconds.
Begin MonoManager ReloadAssembly
Native extension for WindowsStandalone target not found
Refreshing native plugins compatible for Editor in 1.07 ms, found 0 plugins.
Preloading 0 native plugins for Editor in 0.00 ms.
Mono: successfully reloaded assembly
- Completed reload, in  0.847 seconds
Platform modules already initialized, skipping
Shader 'Universal Render Pipeline/Particles/Lit': fallback shader 'Universal Render Pipeline/Particles/SimpleLit' not found
Shader 'Universal Render Pipeline/Particles/Lit': fallback shader 'Universal Render Pipeline/Particles/SimpleLit' not found
Refreshing native plugins compatible for Editor in 1.60 ms, found 0 plugins.
Preloading 0 native plugins for Editor in 0.00 ms.
Unloading 2367 Unused Serialized files (Serialized files now loaded: 0)
System memory in use before: 119.6 MB.
System memory in use after: 116.8 MB.

Unloading 41 unused Assets to reduce memory usage. Loaded Objects now: 2900.
Total: 4.585500 ms (FindLiveObjects: 0.426500 ms CreateObjectMapping: 0.210100 ms MarkObjects: 2.100900 ms  DeleteObjects: 1.846600 ms)

========================================================================
Received Prepare
Registering precompiled user dll's ...
Registered in 0.001872 seconds.
Begin MonoManager ReloadAssembly
Native extension for WindowsStandalone target not found
Refreshing native plugins compatible for Editor in 0.84 ms, found 0 plugins.
Preloading 0 native plugins for Editor in 0.00 ms.
Mono: successfully reloaded assembly
- Completed reload, in  0.847 seconds
Platform modules already initialized, skipping
Shader 'Universal Render Pipeline/Particles/Lit': fallback shader 'Universal Render Pipeline/Particles/SimpleLit' not found
Shader 'Universal Render Pipeline/Particles/Lit': fallback shader 'Universal Render Pipeline/Particles/SimpleLit' not found
Refreshing native plugins compatible for Editor in 0.88 ms, found 0 plugins.
Preloading 0 native plugins for Editor in 0.00 ms.
Unloading 2367 Unused Serialized files (Serialized files now loaded: 0)
System memory in use before: 119.7 MB.
System memory in use after: 116.9 MB.

Unloading 41 unused Assets to reduce memory usage. Loaded Objects now: 2903.
Total: 3.299000 ms (FindLiveObjects: 0.229000 ms CreateObjectMapping: 0.096500 ms MarkObjects: 1.569300 ms  DeleteObjects: 1.402800 ms)

========================================================================
Received Prepare
Registering precompiled user dll's ...
Registered in 0.002044 seconds.
Begin MonoManager ReloadAssembly
Native extension for WindowsStandalone target not found
Refreshing native plugins compatible for Editor in 1.03 ms, found 0 plugins.
Preloading 0 native plugins for Editor in 0.00 ms.
Mono: successfully reloaded assembly
- Completed reload, in  0.806 seconds
Platform modules already initialized, skipping
Shader 'Universal Render Pipeline/Particles/Lit': fallback shader 'Universal Render Pipeline/Particles/SimpleLit' not found
Shader 'Universal Render Pipeline/Particles/Lit': fallback shader 'Universal Render Pipeline/Particles/SimpleLit' not found
Refreshing native plugins compatible for Editor in 0.94 ms, found 0 plugins.
Preloading 0 native plugins for Editor in 0.00 ms.
Unloading 2367 Unused Serialized files (Serialized files now loaded: 0)
System memory in use before: 119.7 MB.
System memory in use after: 116.9 MB.

Unloading 41 unused Assets to reduce memory usage. Loaded Objects now: 2906.
Total: 4.212500 ms (FindLiveObjects: 0.265500 ms CreateObjectMapping: 0.171000 ms MarkObjects: 2.283100 ms  DeleteObjects: 1.491400 ms)

========================================================================
Received Prepare
Registering precompiled user dll's ...
Registered in 0.002521 seconds.
Begin MonoManager ReloadAssembly
Native extension for WindowsStandalone target not found
Refreshing native plugins compatible for Editor in 1.21 ms, found 0 plugins.
Preloading 0 native plugins for Editor in 0.00 ms.
Mono: successfully reloaded assembly
- Completed reload, in  0.795 seconds
Platform modules already initialized, skipping
Shader 'Universal Render Pipeline/Particles/Lit': fallback shader 'Universal Render Pipeline/Particles/SimpleLit' not found
Shader 'Universal Render Pipeline/Particles/Lit': fallback shader 'Universal Render Pipeline/Particles/SimpleLit' not found
Refreshing native plugins compatible for Editor in 0.90 ms, found 0 plugins.
Preloading 0 native plugins for Editor in 0.00 ms.
Unloading 2367 Unused Serialized files (Serialized files now loaded: 0)
System memory in use before: 119.6 MB.
System memory in use after: 116.9 MB.

Unloading 41 unused Assets to reduce memory usage. Loaded Objects now: 2909.
Total: 3.402700 ms (FindLiveObjects: 0.237900 ms CreateObjectMapping: 0.113300 ms MarkObjects: 1.662000 ms  DeleteObjects: 1.388600 ms)

AssetImportWorkerClient::OnTransportError - code=2 error=End of file
